[INFO] Scanning for projects...
[INFO] 
[INFO] -----------------------< com.sortTest:sortTest >------------------------
[INFO] Building sortTest 1.0-SNAPSHOT
[INFO] --------------------------------[ jar ]---------------------------------
[INFO] 
[INFO] --- maven-resources-plugin:2.6:resources (default-resources) @ sortTest ---
[INFO] Using 'UTF-8' encoding to copy filtered resources.
[INFO] Copying 0 resource
[INFO] 
[INFO] --- maven-compiler-plugin:3.1:compile (default-compile) @ sortTest ---
[INFO] Nothing to compile - all classes are up to date
[INFO] 
[INFO] --- maven-resources-plugin:2.6:testResources (default-testResources) @ sortTest ---
[INFO] Using 'UTF-8' encoding to copy filtered resources.
[INFO] skip non existing resourceDirectory C:\Users\Administrator\Desktop\SortTest\src\test\resources
[INFO] 
[INFO] --- maven-compiler-plugin:3.1:testCompile (default-testCompile) @ sortTest ---
[INFO] Nothing to compile - all classes are up to date
[INFO] 
[INFO] --- maven-surefire-plugin:2.12.4:test (default-test) @ sortTest ---
[INFO] Surefire report directory: C:\Users\Administrator\Desktop\SortTest\target\surefire-reports

-------------------------------------------------------
 T E S T S
-------------------------------------------------------
Running TestUI
Configuring TestNG with: org.apache.maven.surefire.testng.conf.TestNG652Configurator@48cf768c
Tests run: 1, Failures: 0, Errors: 0, Skipped: 0, Time elapsed: 2.643 sec

Results :

Tests run: 1, Failures: 0, Errors: 0, Skipped: 0

[INFO] ------------------------------------------------------------------------
[INFO] BUILD SUCCESS
[INFO] ------------------------------------------------------------------------
[INFO] Total time: 6.580 s
[INFO] Finished at: 2018-12-22T16:39:34+08:00
[INFO] ------------------------------------------------------------------------
